[truenorthhr.ca/index.html]
[backblue.gif]
[fade.gif]
[index.html]
[truenorthhr.ca/wp-includes/css/dist/block-library/style.min84fc.css]
[truenorthhr.ca/feed/index.html]
[truenorthhr.ca/comments/feed/index.html]
[truenorthhr.ca/wp-includes/js/mediaelement/mediaelementplayer-legacy.min1f61.css]
[truenorthhr.ca/wp-includes/js/mediaelement/wp-mediaelement.min84fc.css]
[truenorthhr.ca/wp-content/plugins/woocommerce/assets/css/woocommerce-layout117a.css]
[truenorthhr.ca/wp-content/plugins/woocommerce/assets/css/woocommerce-smallscreen117a.css]
[truenorthhr.ca/wp-content/plugins/woocommerce/assets/css/woocommerce117a.css]
[truenorthhr.ca/wp-content/themes/wp-bootstrap-starter/style.css]
[truenorthhr.ca/wp-content/themes/wp-bootstrap-starter/inc/assets/css/fontawesome.min.css]
[truenorthhr.ca/wp-content/themes/hrservicesconsulting/styleeba7.css]
[truenorthhr.ca/wp-content/themes/wp-bootstrap-starter/inc/assets/css/bootstrap.min84fc.css]
[truenorthhr.ca/wp-content/plugins/recent-posts-widget-with-thumbnails/public03db.css]
[truenorthhr.ca/wp-content/uploads/pum/pum-site-styles2298.css]
[truenorthhr.ca/wp-content/plugins/rocket-lazy-load/assets/img/youtube.png]
[truenorthhr.ca/wp-includes/js/dist/vendor/wp-polyfill-inert.min0226.js]
[truenorthhr.ca/wp-includes/js/dist/vendor/regenerator-runtime.min6c85.js]
[truenorthhr.ca/wp-includes/js/dist/vendor/wp-polyfill.min2c7c.js]
[truenorthhr.ca/wp-includes/js/dist/hooks.min2ebd.js]
[stats.wp.com/w26b5.js]
[truenorthhr.ca/wp-includes/js/jquery/jquery.minf43b.js]
[truenorthhr.ca/wp-includes/js/jquery/jquery-migrate.min5589.js]
[truenorthhr.ca/wp-content/plugins/woocommerce/assets/js/jquery-blockui/jquery.blockUI.min71e5.js]
[truenorthhr.ca/wp-content/plugins/woocommerce/assets/js/frontend/add-to-cart.min117a.js]
[truenorthhr.ca/wp-content/plugins/woocommerce/assets/js/js-cookie/js.cookie.min52f2.js]
[truenorthhr.ca/wp-content/plugins/woocommerce/assets/js/frontend/woocommerce.min117a.js]
[stats.wp.com/s-202415.js]
[truenorthhr.ca/wp-content/themes/hrservicesconsulting/scripts84fc.js]
[truenorthhr.ca/wp-json/index.html]
[truenorthhr.ca/xmlrpc0db0.php]
[truenorthhr.ca/wp-json/oembed/1.0/embed8a4a.json]
[truenorthhr.ca/wp-json/oembed/1.0/embedec47]
[truenorthhr.ca/wp-content/plugins/bloom/core/admin/fonts/modules.ttf]
[truenorthhr.ca/wp-content/uploads/2023/11/cropped-true-north-hr-consulting-icon-02-32x32.png]
[truenorthhr.ca/wp-content/uploads/2023/11/cropped-true-north-hr-consulting-icon-02-192x192.png]
[truenorthhr.ca/wp-content/uploads/2023/11/cropped-true-north-hr-consulting-icon-02-180x180.png]
[truenorthhr.ca/wp-content/uploads/2023/11/true-north-hr-consulting-logo-02.png]
[truenorthhr.ca/hr-advisory/index.html]
[truenorthhr.ca/compensation-and-benefits-consulting/index.html]
[truenorthhr.ca/compensation-and-benefits-consulting/pay-equity/index.html]
[truenorthhr.ca/leadership-consulting/index.html]
[truenorthhr.ca/policies-diligence/index.html]
[truenorthhr.ca/human-capital-consulting/index.html]
[truenorthhr.ca/organizational-design/index.html]
[truenorthhr.ca/hr-process-consulting/index.html]
[truenorthhr.ca/staffing-recruiting/index.html]
[truenorthhr.ca/job-openings/index.html]
[truenorthhr.ca/about-us/index.html]
[truenorthhr.ca/blog/index.html]
[truenorthhr.ca/our-team/index.html]
[truenorthhr.ca/contact/index.html]
[truenorthhr.ca/wp-content/uploads/2023/01/home-feature-card-section.jpg]
[truenorthhr.ca/wp-content/uploads/2023/01/chevron.png]
[truenorthhr.ca/wp-content/uploads/2023/11/hr-consultant.jpg]
[truenorthhr.ca/wp-content/uploads/2022/06/organizational-design.png]
[truenorthhr.ca/wp-content/uploads/2021/10/outsource-1.png]
[truenorthhr.ca/wp-content/uploads/2022/06/hr-advisory.png]
[truenorthhr.ca/wp-content/uploads/2021/10/project-1.png]
[truenorthhr.ca/wp-content/uploads/2023/11/group-of-hr-consultants.jpg]
[truenorthhr.ca/services/index.html]
[truenorthhr.ca/wp-content/uploads/2023/11/hr-consultant-researching.jpg]
[truenorthhr.ca/wp-content/uploads/2023/11/hr-consultants-reviewing-policy.jpg]
[truenorthhr.ca/wp-content/uploads/2023/11/hr-consultants-meeting-clients.jpg]
[truenorthhr.ca/wp-content/uploads/2023/11/strategic-consulting.jpg]
[truenorthhr.ca/wp-content/uploads/2023/11/hr-consultant-working.jpg]
[truenorthhr.ca/wp-content/uploads/2023/02/HR-Daily-Advisor-2016-logo-no-tag-NEW.png]
[truenorthhr.ca/wp-content/uploads/2023/02/Forage_Logo_Icon_Horiz_Green_RGB-203x52-1.png]
[truenorthhr.ca/wp-content/uploads/2023/02/moneygeek.png]
[truenorthhr.ca/wp-content/uploads/2023/02/zapier.png]
[truenorthhr.ca/wp-content/uploads/2023/02/logo-lattice.png]
[truenorthhr.ca/wp-content/uploads/2023/02/UpJourney-black-transaprent-e1578066455918.png]
[truenorthhr.ca/wp-content/uploads/2023/02/SH-logo-158x32-1.png]
[truenorthhr.ca/wp-content/uploads/2023/02/apartment-therapy.png]
[truenorthhr.ca/wp-content/uploads/2023/11/hr-consluting-on-call-service.jpg]
[truenorthhr.ca/wp-content/uploads/2023/01/quote-marks.png]
[truenorthhr.ca/wp-content/uploads/2023/01/icon-cineplex.png]
[truenorthhr.ca/wp-content/uploads/2023/01/icon-unitedways.png]
[truenorthhr.ca/wp-content/uploads/2023/01/icon-dominos.png]
[truenorthhr.ca/wp-content/uploads/2023/02/WF-Logo-White-2.png]
[truenorthhr.ca/wp-content/uploads/2023/01/icon-timhortons.png]
[truenorthhr.ca/wp-content/uploads/2023/01/icon-stjohnsambulance.png]
[truenorthhr.ca/wp-content/uploads/2023/11/vinfast-logo.png]
[truenorthhr.ca/wp-content/uploads/2023/02/WF-Logo-White-1.png]
[truenorthhr.ca/wp-content/uploads/2024/04/pexels-anna-shvets-5325104-scaled.jpg]
[truenorthhr.ca/2024/04/02/the-crucial-role-hr-plays-in-pay-equity/index.html]
[truenorthhr.ca/wp-content/uploads/2023/11/cropped-true-north-hr-consulting-icon-02.png]
[truenorthhr.ca/wp-content/plugins/contact-form-7/includes/css/styles7404.css]
[truenorthhr.ca/thanks/index.html]
[truenorthhr.ca/wp-content/plugins/bloom/css/style9484.css]
[truenorthhr.ca/wp-content/plugins/woocommerce/assets/js/sourcebuster/sourcebuster.min117a.js]
[truenorthhr.ca/wp-content/plugins/woocommerce/assets/js/frontend/order-attribution.min117a.js]
[truenorthhr.ca/wp-content/themes/wp-bootstrap-starter/inc/assets/js/popper.min84fc.js]
[truenorthhr.ca/wp-content/themes/wp-bootstrap-starter/inc/assets/js/bootstrap.min84fc.js]
[truenorthhr.ca/wp-content/themes/wp-bootstrap-starter/inc/assets/js/theme-script.min84fc.js]
[truenorthhr.ca/wp-content/themes/wp-bootstrap-starter/inc/assets/js/skip-link-focus-fix.min4a7d.js]
[truenorthhr.ca/wp-content/uploads/pum/pum-site-scripts25ce.js]
[truenorthhr.ca/wp-includes/js/jquery/ui/core.min3f14.js]
[truenorthhr.ca/wp-content/mu-plugins/mu-scripts.js]
[truenorthhr.ca/wp-content/plugins/bloom/core/admin/js/common6959.js]
[www.google.com/recaptcha/api8195.js]
[truenorthhr.ca/wp-content/plugins/contact-form-7/modules/recaptcha/index7404.js]
[truenorthhr.ca/wp-content/plugins/wp-smushit/app/assets/js/smush-lazy-load.minbb93.js]
[stats.wp.com/e-202415.js]
[truenorthhr.ca/wp-content/plugins/contact-form-7/includes/js/index7404.js]
[truenorthhr.ca/wp-content/plugins/bloom/js/jquery.uniform.min9484.js]
[truenorthhr.ca/wp-content/plugins/bloom/js/idle-timer.min9484.js]
[truenorthhr.ca/index.html]
[www.googletagmanager.com/gtm5445.html]
[truenorthhr.ca/wp-includes/css/dist/block-library/style.min84fc.css]
[truenorthhr.ca/wp-content/plugins/rocket-lazy-load/assets/js/16.1/lazyload.min.js]
[truenorthhr.ca/wp-includes/js/mediaelement/mediaelementplayer-legacy.min1f61.css]
[truenorthhr.ca/wp-includes/js/mediaelement/wp-mediaelement.min84fc.css]
[truenorthhr.ca/wp-content/plugins/woocommerce/assets/css/woocommerce-layout117a.css]
[truenorthhr.ca/wp-content/plugins/woocommerce/assets/css/woocommerce-smallscreen117a.css]
[truenorthhr.ca/wp-includes/js/mediaelement/mejs-controls.svg]
[truenorthhr.ca/wp-content/plugins/woocommerce/assets/fonts/star.eot]
[truenorthhr.ca/wp-content/plugins/woocommerce/assets/fonts/stard41d.eot]
[truenorthhr.ca/wp-content/plugins/woocommerce/assets/fonts/star.woff]
[truenorthhr.ca/wp-content/plugins/woocommerce/assets/fonts/star.ttf]
[truenorthhr.ca/wp-content/plugins/woocommerce/assets/fonts/star.svg]
[truenorthhr.ca/wp-content/plugins/woocommerce/assets/fonts/WooCommerce.eot]
[truenorthhr.ca/wp-content/plugins/woocommerce/assets/fonts/WooCommerced41d.eot]
[truenorthhr.ca/wp-content/plugins/woocommerce/assets/fonts/WooCommerce.woff]
[truenorthhr.ca/wp-content/plugins/woocommerce/assets/fonts/WooCommerce.ttf]
[truenorthhr.ca/wp-content/plugins/woocommerce/assets/images/icons/loader.svg]
[truenorthhr.ca/wp-content/plugins/woocommerce/assets/fonts/WooCommerce.svg]
[truenorthhr.ca/wp-content/plugins/woocommerce/assets/images/icons/credit-cards/visa.svg]
[truenorthhr.ca/wp-content/plugins/woocommerce/assets/images/icons/credit-cards/mastercard.svg]
[truenorthhr.ca/wp-content/plugins/woocommerce/assets/images/icons/credit-cards/laser.svg]
[truenorthhr.ca/wp-content/plugins/woocommerce/assets/images/icons/credit-cards/diners.svg]
[truenorthhr.ca/wp-content/plugins/woocommerce/assets/images/icons/credit-cards/maestro.svg]
[truenorthhr.ca/wp-content/plugins/woocommerce/assets/images/icons/credit-cards/jcb.svg]
[truenorthhr.ca/wp-content/plugins/woocommerce/assets/images/icons/credit-cards/amex.svg]
[truenorthhr.ca/wp-content/plugins/woocommerce/assets/css/woocommerce117a.css]
[truenorthhr.ca/wp-content/themes/wp-bootstrap-starter/style.css]
[truenorthhr.ca/wp-content/plugins/woocommerce/assets/images/icons/credit-cards/discover.svg]
[truenorthhr.ca/wp-content/themes/wp-bootstrap-starter/inc/assets/webfonts/fa-brands-400.eot]
[truenorthhr.ca/wp-content/themes/wp-bootstrap-starter/inc/assets/webfonts/fa-brands-400.woff2]
[truenorthhr.ca/wp-content/themes/wp-bootstrap-starter/inc/assets/webfonts/fa-brands-400d41d.eot]
[truenorthhr.ca/wp-content/themes/wp-bootstrap-starter/inc/assets/webfonts/fa-brands-400.woff]
[truenorthhr.ca/wp-content/themes/wp-bootstrap-starter/inc/assets/webfonts/fa-brands-400.ttf]
[truenorthhr.ca/wp-content/themes/wp-bootstrap-starter/inc/assets/webfonts/fa-regular-400.eot]
[truenorthhr.ca/wp-content/themes/wp-bootstrap-starter/inc/assets/webfonts/fa-regular-400d41d.eot]
[truenorthhr.ca/wp-content/themes/wp-bootstrap-starter/inc/assets/webfonts/fa-brands-400.svg]
[truenorthhr.ca/wp-content/themes/wp-bootstrap-starter/inc/assets/webfonts/fa-regular-400.woff2]
[truenorthhr.ca/wp-content/themes/wp-bootstrap-starter/inc/assets/webfonts/fa-regular-400.woff]
[truenorthhr.ca/wp-content/themes/wp-bootstrap-starter/inc/assets/webfonts/fa-regular-400.ttf]
[truenorthhr.ca/wp-content/themes/wp-bootstrap-starter/inc/assets/webfonts/fa-regular-400.svg]
[truenorthhr.ca/wp-content/themes/wp-bootstrap-starter/inc/assets/webfonts/fa-solid-900.eot]
[truenorthhr.ca/wp-content/themes/wp-bootstrap-starter/inc/assets/webfonts/fa-solid-900d41d.eot]
[truenorthhr.ca/wp-content/themes/wp-bootstrap-starter/inc/assets/webfonts/fa-solid-900.woff2]
[truenorthhr.ca/wp-content/themes/wp-bootstrap-starter/inc/assets/webfonts/fa-solid-900.woff]
[truenorthhr.ca/wp-content/themes/wp-bootstrap-starter/inc/assets/webfonts/fa-solid-900.ttf]
[truenorthhr.ca/wp-content/themes/wp-bootstrap-starter/inc/assets/css/fontawesome.min.css]
[truenorthhr.ca/wp-content/themes/hrservicesconsulting/assets/img/down-arrow.png]
[truenorthhr.ca/wp-content/themes/hrservicesconsulting/styleeba7.css]
[truenorthhr.ca/wp-content/themes/wp-bootstrap-starter/inc/assets/css/bootstrap.min84fc.css]
[truenorthhr.ca/wp-content/plugins/recent-posts-widget-with-thumbnails/public03db.css]
[truenorthhr.ca/wp-content/uploads/pum/pum-site-styles2298.css]
[truenorthhr.ca/wp-json/wp/v2/pages/11133.json]
[truenorthhr.ca/xmlrpc.php]
[truenorthhr.ca/wp-content/themes/wp-bootstrap-starter/inc/assets/webfonts/fa-solid-900.svg]
[truenorthhr.ca/wp-json/oembed/1.0/embeda6ad.json]
[truenorthhr.ca/wp-json/oembed/1.0/embed125b]
[truenorthhr.ca/wp-content/uploads/2023/11/compensation-consulting.jpg]
[truenorthhr.ca/wp-content/uploads/2022/02/how-we-can-help-1024x683.jpg]
[truenorthhr.ca/wp-content/uploads/2022/02/strategic.jpg]
[truenorthhr.ca/wp-content/uploads/2022/02/effective-communicating.jpg]
[truenorthhr.ca/wp-content/uploads/2022/02/productivity.jpg]
[truenorthhr.ca/wp-content/uploads/2022/02/pay-equity.jpg]
[truenorthhr.ca/compensation-and-benefits-consulting/index.html]
[truenorthhr.ca/2021/11/19/are-you-paying-your-employees-enough/index.html]
[truenorthhr.ca/wp-json/oembed/1.0/embed4cdf.json]
[truenorthhr.ca/wp-json/oembed/1.0/embedf9f9]
[truenorthhr.ca/wp-content/uploads/2022/01/recruiting-1024x684.jpg]
[truenorthhr.ca/wp-content/uploads/2021/06/business-man-and-woman-signing-papers-3-1024x683.jpg]
[truenorthhr.ca/compensation-and-benefits-consulting/pay-equity/index.html]
[truenorthhr.ca/wp-json/oembed/1.0/embedd267.json]
[truenorthhr.ca/wp-json/oembed/1.0/embed1b6b]
[truenorthhr.ca/wp-content/uploads/2022/04/hr-advisory-consulting-scaled.jpg]
[truenorthhr.ca/wp-content/uploads/2022/04/shutterstock_2007206837-1-1024x683.jpg]
[truenorthhr.ca/wp-content/uploads/2022/04/shutterstock_1443616970-1-1024x576.jpg]
[truenorthhr.ca/wp-content/uploads/2021/12/leadership-img-3-1024x683.png]
[truenorthhr.ca/wp-content/uploads/2022/04/shutterstock_1183089457-1-1024x683.jpg]
[truenorthhr.ca/wp-content/uploads/2021/12/leadership-img-4-1024x683.png]
[truenorthhr.ca/hr-advisory/index.html]
[truenorthhr.ca/2022/02/10/what-does-human-resources-do/index.html]
[truenorthhr.ca/wp-json/oembed/1.0/embeda30e.json]
[truenorthhr.ca/wp-json/oembed/1.0/embedd1e2]
[truenorthhr.ca/wp-content/uploads/2021/12/leadership-consulting-hero.png]
[truenorthhr.ca/wp-content/uploads/2021/12/leadership-img-1-1024x683.png]
[truenorthhr.ca/wp-content/uploads/2021/12/leadership-img-2-1024x683.png]
[truenorthhr.ca/leadership-consulting/index.html]
[truenorthhr.ca/wp-json/oembed/1.0/embed8b22.json]
[truenorthhr.ca/wp-json/oembed/1.0/embed4b99]
[truenorthhr.ca/wp-content/uploads/2020/10/PoliciesDiligenceHero.jpg]
[truenorthhr.ca/wp-content/uploads/2020/10/hr_audit.jpg]
[truenorthhr.ca/wp-content/uploads/2020/10/interview_selection.jpg]
[truenorthhr.ca/wp-content/uploads/2020/10/hr_consulting.jpg]
[truenorthhr.ca/wp-content/uploads/2020/10/terminations.jpg]
[truenorthhr.ca/policies-diligence/index.html]
[truenorthhr.ca/wp-json/oembed/1.0/embeda281.json]
[truenorthhr.ca/wp-json/oembed/1.0/embed8461]
[truenorthhr.ca/wp-content/uploads/2022/03/shutterstock_2110654271.jpg]
[truenorthhr.ca/wp-content/uploads/2023/11/business-man-and-woman-signing-papers-smaller-1-1024x565.jpg]
[truenorthhr.ca/2022/04/06/organizational-design-your-guide-to-an-effective-strategy/index.html]
[truenorthhr.ca/wp-content/uploads/2023/11/young-woman-writing-book-smaller-1024x539.jpg]
[truenorthhr.ca/wp-content/uploads/2023/11/leader-blog-smaller-2.jpg]
[truenorthhr.ca/organizational-design/index.html]
[truenorthhr.ca/wp-json/oembed/1.0/embedbd64.json]
[truenorthhr.ca/wp-json/oembed/1.0/embed04c9]
[truenorthhr.ca/wp-content/uploads/2021/06/succession-planning.jpg]
[truenorthhr.ca/wp-content/uploads/2020/10/retention_strategy.jpg]
[truenorthhr.ca/wp-content/uploads/2022/01/policies-1024x683.jpg]
[truenorthhr.ca/human-capital-consulting/index.html]
[truenorthhr.ca/wp-json/oembed/1.0/embed852a.json]
[truenorthhr.ca/wp-json/oembed/1.0/embed7d1d]
[truenorthhr.ca/wp-content/uploads/2022/03/HR-Process-Consulting-1.jpg]
[truenorthhr.ca/wp-content/uploads/2022/03/HR-Process-Consulting-2-1024x684.jpg]
[truenorthhr.ca/wp-content/uploads/2022/03/HR-Process-Consulting-3-1024x683.jpg]
[truenorthhr.ca/wp-content/uploads/2022/03/HR-Process-Consulting-4-1024x683.jpg]
[truenorthhr.ca/hr-process-consulting/index.html]
[truenorthhr.ca/wp-json/oembed/1.0/embed1747.json]
[truenorthhr.ca/wp-json/oembed/1.0/embeddfed]
[truenorthhr.ca/wp-content/uploads/2023/11/staffing-recruiting.jpg]
[truenorthhr.ca/wp-content/uploads/2020/10/emp_brand_dev.jpg]
[truenorthhr.ca/wp-content/uploads/2022/03/shutterstock_1022439976.jpg]
[truenorthhr.ca/wp-content/uploads/2020/10/onboarding_tools.jpg]
[truenorthhr.ca/staffing-recruiting/index.html]
[truenorthhr.ca/staffing-recruiting/executive-recruiting/index.html]
[truenorthhr.ca/wp-json/oembed/1.0/embed3a26.json]
[truenorthhr.ca/wp-json/oembed/1.0/embedf817]
[truenorthhr.ca/wp-content/uploads/2023/11/job-openings.jpg]
[truenorthhr.ca/job-openings/index.html]
[truenorthhr.bamboohr.com/js/embed.js]
[truenorthhr.ca/wp-json/oembed/1.0/embedc238.json]
[truenorthhr.ca/wp-json/oembed/1.0/embed6b3b]
[truenorthhr.ca/wp-content/uploads/2023/01/triangle.png]
[truenorthhr.ca/wp-content/uploads/2023/11/about-true-north-hr.jpg]
[truenorthhr.ca/wp-content/uploads/2023/01/icon-results.png]
[truenorthhr.ca/wp-content/uploads/2023/01/icon-innovative.png]
[truenorthhr.ca/wp-content/uploads/2023/01/icon-empathetic.png]
[truenorthhr.ca/wp-content/uploads/2023/01/icon-trusting.png]
[truenorthhr.ca/wp-content/uploads/2023/02/Paola-Accettola.jpg]
[truenorthhr.ca/wp-content/uploads/2023/02/Angela-Burt.jpg]
[truenorthhr.ca/wp-content/uploads/2023/02/Kelly-Glass.jpg]
[truenorthhr.ca/wp-content/uploads/2023/02/Paola-Accettola-popup.jpg]
[truenorthhr.ca/wp-content/uploads/2023/02/Angela-Burt-Colour-popup.jpg]
[truenorthhr.ca/wp-content/uploads/2023/02/Kelly-Glass-Colour-popup.jpg]
[truenorthhr.ca/wp-content/uploads/2023/01/image-tnhr-difference-1.png]
[truenorthhr.ca/wp-content/uploads/2023/01/image-tnhr-difference-2.png]
[truenorthhr.ca/wp-content/uploads/2023/01/icon-waterfirst.png]
[truenorthhr.ca/wp-content/uploads/2023/01/icon-stellasplace-1.png]
[truenorthhr.ca/wp-content/uploads/2023/01/icon-chickpea.png]
[truenorthhr.ca/about-us/index.html]
[truenorthhr.ca/wp-content/plugins/easy-table-of-contents/assets/css/screen.min8d1e.css]
[truenorthhr.ca/wp-content/uploads/2024/04/pexels-anna-shvets-5325104-300x200.jpg]
[truenorthhr.ca/blog/page/2/index.html]
[truenorthhr.ca/wp-content/uploads/2024/02/fractional-hr-strategy-300x200.jpg]
[truenorthhr.ca/wp-content/uploads/2024/02/hr-consultant-payroll-readiness-300x200.jpg]
[truenorthhr.ca/wp-content/uploads/2024/01/hr-consulting-boardroom-table-300x201.jpg]
[truenorthhr.ca/2024/03/05/unlocking-organizational-efficiency-and-flexibility-with-fractional-hr/index.html]
[truenorthhr.ca/wp-content/uploads/2023/12/shutterstock_2142010187-300x200.jpg]
[truenorthhr.ca/2024/02/06/easy-steps-for-payroll-readiness-during-tax-season/index.html]
[truenorthhr.ca/wp-content/uploads/2023/12/shutterstock_2063156057-300x200.jpg]
[truenorthhr.ca/2024/01/02/how-to-be-compliant-with-ontarios-pay-transparency-act/index.html]
[truenorthhr.ca/2023/12/27/decoding-pay-transparency-in-ontario-a-guide-for-employers/index.html]
[truenorthhr.ca/2023/12/04/pay-equity-and-the-generational-divide-exploring-different-perspectives/index.html]
[truenorthhr.ca/wp-content/uploads/2023/10/unnamed-4-300x200.jpg]
[truenorthhr.ca/wp-content/uploads/2023/09/shutterstock_2357678201-1-300x200.jpg]
[truenorthhr.ca/2023/10/30/generative-ai-and-human-resources/index.html]
[truenorthhr.ca/2023/09/27/pay-equity-analysis-in-canada-a-comprehensive-guide/index.html]
[truenorthhr.ca/wp-content/uploads/2023/08/shutterstock_2070184868-300x124.jpg]
[truenorthhr.ca/wp-content/uploads/2023/08/Hr-Audits-the-complete-guide-300x200.jpg]
[truenorthhr.ca/2023/08/30/what-is-pay-equity/index.html]
[truenorthhr.ca/wp-content/uploads/2023/06/Understanding-Fractional-HR-and-How-it-Can-Help-Your-Business-300x154.jpg]
[truenorthhr.ca/2023/08/03/hr-audits-the-complete-guide/index.html]
[truenorthhr.ca/2023/06/27/understanding-fractional-hr-and-how-it-can-help-your-business/index.html]
[truenorthhr.ca/wp-content/uploads/2023/05/shutterstock_2215801489-300x200.jpg]
[truenorthhr.ca/wp-content/plugins/easy-table-of-contents/assets/js/smooth_scroll.min8d1e.js]
[truenorthhr.ca/blog/page/3/index.html]
[truenorthhr.ca/2023/05/15/the-value-of-total-compensation-packages-a-comprehensive-guide/index.html]
[truenorthhr.ca/wp-content/plugins/easy-table-of-contents/vendor/js-cookie/js.cookie.min77e6.js]
[truenorthhr.ca/wp-content/plugins/easy-table-of-contents/vendor/sticky-kit/jquery.sticky-kit.min2c00.js]
[truenorthhr.ca/blog/index.html]
[truenorthhr.ca/wp-content/plugins/easy-table-of-contents/assets/js/front.min75aa.js]
[truenorthhr.ca/wp-json/oembed/1.0/embed4ec9.json]
[truenorthhr.ca/wp-json/oembed/1.0/embed4e2c]
[truenorthhr.ca/wp-content/uploads/2023/01/handshake.jpg]
[truenorthhr.ca/wp-content/uploads/2023/01/bg-frame-dark.jpg]
[truenorthhr.ca/wp-content/uploads/2023/01/bg-frame-light.jpg]
[truenorthhr.ca/team-member/paola-accettola/index.html]
[truenorthhr.ca/team-member/angela-burt/index.html]
[truenorthhr.ca/team-member/kelly-glass/index.html]
[truenorthhr.ca/wp-content/uploads/2023/01/icon-people.png]
[truenorthhr.ca/wp-content/uploads/2023/01/icon-book.png]
[truenorthhr.ca/wp-content/uploads/2023/02/collage.png]
[truenorthhr.ca/wp-content/uploads/2023/01/TNHR-map.png]
[truenorthhr.ca/our-team/index.html]
[truenorthhr.ca/wp-json/oembed/1.0/embed9a3a.json]
[truenorthhr.ca/contact/index.html]
[truenorthhr.ca/wp-json/oembed/1.0/embed6a2d]
[truenorthhr.ca/service-area/Nairobi-hr-consulting/index.html]
[truenorthhr.ca/wp-json/oembed/1.0/embed8e45.json]
[truenorthhr.ca/wp-json/oembed/1.0/embed2f79]
[truenorthhr.ca/wp-content/uploads/2023/03/tnhr-hero-hrservices-dark.jpg]
[truenorthhr.ca/wp-content/uploads/2023/03/icon-org-design.png]
[truenorthhr.ca/wp-content/uploads/2023/03/icon-human-capital.png]
[truenorthhr.ca/wp-content/uploads/2023/03/icon-hr-consulting.png]
[truenorthhr.ca/wp-content/uploads/2023/03/icon-compensation.png]
[truenorthhr.ca/wp-content/uploads/2023/03/icon-hr-advisory.png]
[truenorthhr.ca/wp-content/uploads/2023/03/icon-leadership.png]
[truenorthhr.ca/wp-content/uploads/2023/03/icon-policies.png]
[truenorthhr.ca/wp-content/uploads/2023/03/icon-recruiting.png]
[truenorthhr.ca/wp-content/uploads/2023/06/woman-on-tablet.png]
[truenorthhr.ca/wp-content/uploads/2023/06/people-gathering-with-boxes.png]
[truenorthhr.ca/wp-content/uploads/2023/06/people-discussing.png]
[truenorthhr.ca/sectors/small-business/index.html]
[truenorthhr.ca/sectors/non-profits/index.html]
[truenorthhr.ca/services/index.html]
[truenorthhr.ca/sectors/large-corporations/index.html]
[truenorthhr.ca/wp-json/oembed/1.0/embedd7ea.json]
[truenorthhr.ca/wp-json/oembed/1.0/embed7fc2]
[truenorthhr.ca/cdn-cgi/l/email-protection.html]
[truenorthhr.ca/wp-content/uploads/2024/04/pexels-anna-shvets-5325104-150x150.jpg]
[truenorthhr.ca/wp-content/uploads/2024/02/fractional-hr-strategy-150x150.jpg]
[truenorthhr.ca/wp-content/uploads/2024/02/hr-consultant-payroll-readiness-150x150.jpg]
[truenorthhr.ca/wp-content/uploads/2024/01/hr-consulting-boardroom-table-150x150.jpg]
[truenorthhr.ca/wp-content/uploads/2023/12/shutterstock_2142010187-150x150.jpg]
[truenorthhr.ca/2024/04/02/the-crucial-role-hr-plays-in-pay-equity/index.html]
[truenorthhr.ca/cdn-cgi/scripts/5c5dd728/cloudflare-static/email-decode.min.js]
[truenorthhr.ca/wp-json/oembed/1.0/embed19ce.json]
[truenorthhr.ca/thanks/index.html]
[truenorthhr.ca/wp-content/plugins/contact-form-7/includes/css/styles7404.css]
[truenorthhr.ca/wp-json/oembed/1.0/embedfcc0]
[truenorthhr.ca/wp-content/plugins/bloom/css/fonts/ET-Bloombb91.eot]
[truenorthhr.ca/wp-content/plugins/bloom/css/fonts/ET-Bloomd41d.eot]
[truenorthhr.ca/wp-content/plugins/bloom/css/fonts/ET-Bloombb91.woff]
[truenorthhr.ca/wp-content/plugins/bloom/css/fonts/ET-Bloombb91.ttf]
[truenorthhr.ca/wp-content/plugins/bloom/css/fonts/ET-Bloombb91.svg]
[truenorthhr.ca/wp-content/plugins/bloom/images/subscribe-loader.gif]
[truenorthhr.ca/wp-content/plugins/bloom/images/checked.png]
[truenorthhr.ca/wp-content/plugins/bloom/images/checked_light.png]
[truenorthhr.ca/wp-content/plugins/bloom/css/style9484.css]
[truenorthhr.ca/wp-includes/js/mediaelement/mejs-controls.svg]
[truenorthhr.ca/wp-content/plugins/woocommerce/assets/fonts/star.svg]
[truenorthhr.ca/wp-content/plugins/woocommerce/assets/fonts/WooCommerce.svg]
[truenorthhr.ca/wp-content/plugins/woocommerce/assets/images/icons/loader.svg]
[truenorthhr.ca/wp-content/plugins/woocommerce/assets/images/icons/credit-cards/visa.svg]
[truenorthhr.ca/wp-content/plugins/woocommerce/assets/images/icons/credit-cards/mastercard.svg]
[truenorthhr.ca/wp-content/plugins/woocommerce/assets/images/icons/credit-cards/laser.svg]
[truenorthhr.ca/wp-content/plugins/woocommerce/assets/images/icons/credit-cards/diners.svg]
[truenorthhr.ca/wp-content/plugins/woocommerce/assets/images/icons/credit-cards/maestro.svg]
[truenorthhr.ca/wp-content/plugins/woocommerce/assets/images/icons/credit-cards/jcb.svg]
[truenorthhr.ca/wp-content/plugins/woocommerce/assets/images/icons/credit-cards/amex.svg]
[truenorthhr.ca/wp-content/plugins/woocommerce/assets/images/icons/credit-cards/discover.svg]
[truenorthhr.ca/wp-content/plugins/akismet/_inc/akismet-frontend6a2b.js]
[truenorthhr.ca/wp-content/plugins/contact-form-7/includes/swv/js/index7404.js]
[truenorthhr.ca/wp-content/themes/wp-bootstrap-starter/inc/assets/webfonts/fa-brands-400.svg]
[truenorthhr.ca/wp-content/plugins/bloom/js/custom9484.js]
[truenorthhr.ca/wp-content/themes/wp-bootstrap-starter/inc/assets/webfonts/fa-regular-400.svg]
[truenorthhr.ca/wp-content/themes/wp-bootstrap-starter/inc/assets/webfonts/fa-solid-900.svg]
[truenorthhr.ca/wp-json/wp/v2/pages/4965.json]
[truenorthhr.ca/index509c.html]
[truenorthhr.ca/wp-json/oembed/1.0/embed7299.json]
[truenorthhr.ca/wp-json/oembed/1.0/embed4ef8]
[truenorthhr.ca/wp-content/uploads/2021/10/Compensation-BLOG.jpg]
[truenorthhr.ca/2021/11/19/are-you-paying-your-employees-enough/index.html]
[truenorthhr.ca/wp-json/wp/v2/pages/8359.json]
[truenorthhr.ca/indexc923.html]
[truenorthhr.ca/wp-json/wp/v2/pages/5774.json]
[truenorthhr.ca/index3ef1.html]
[truenorthhr.ca/2022/07/27/what-is-executive-compensation-consulting/index.html]
[truenorthhr.ca/wp-json/oembed/1.0/embede97c.json]
[truenorthhr.ca/2022/02/10/what-does-human-resources-do/index.html]
[truenorthhr.ca/wp-json/wp/v2/pages/4646.json]
[truenorthhr.ca/index8b0f.html]
[truenorthhr.ca/wp-json/wp/v2/pages/1807.json]
[truenorthhr.ca/index0cf1.html]
[truenorthhr.ca/wp-json/wp/v2/pages/6708.json]
[truenorthhr.ca/indexf2f1.html]
[truenorthhr.ca/wp-json/oembed/1.0/embeda7c3]
[truenorthhr.ca/wp-json/oembed/1.0/embedad0e.json]
[truenorthhr.ca/wp-json/oembed/1.0/embed1ae8]
[truenorthhr.ca/2022/04/06/organizational-design-your-guide-to-an-effective-strategy/index.html]
[truenorthhr.ca/organizational-design/human-capital-consulting/index.html]
[truenorthhr.ca/wp-json/wp/v2/pages/5542.json]
[truenorthhr.ca/indexfe7e.html]
[truenorthhr.ca/wp-json/wp/v2/pages/5269.json]
[truenorthhr.ca/index6996.html]
[truenorthhr.ca/wp-json/wp/v2/pages/1791.json]
[truenorthhr.ca/index639e.html]
[truenorthhr.ca/2022/06/15/exploring-hr-information-design-a-comprehensive-guide/index.html]
[truenorthhr.ca/wp-json/oembed/1.0/embed5009.json]
[truenorthhr.ca/wp-json/oembed/1.0/embed2e00]
[truenorthhr.ca/wp-content/uploads/2022/01/management.jpg]
[truenorthhr.ca/wp-content/uploads/2022/04/hr-advisory-consulting-1024x683.jpg]
[truenorthhr.ca/staffing-recruiting/executive-recruiting/index.html]
[truenorthhr.ca/wp-json/wp/v2/pages/2305.json]
[truenorthhr.ca/index98d4.html]
[truenorthhr.ca/wp-json/wp/v2/pages/2377.json]
[truenorthhr.ca/index482c.html]
[truenorthhr.ca/wp-content/uploads/2023/04/Ontarios-Electronic-Monitoring-Policy-Heres-What-You-Should-Know-300x200.jpg]
[truenorthhr.ca/wp-content/uploads/2023/03/shutterstock_2155448791-300x200.jpg]
[truenorthhr.ca/wp-content/uploads/2023/02/shutterstock_1389203003-300x200.jpg]
[truenorthhr.ca/2023/04/24/ontarios-electronic-monitoring-policy-heres-what-you-should-know/index.html]
[truenorthhr.ca/2023/02/27/how-to-create-a-leadership-development-plan/index.html]
[truenorthhr.ca/2023/03/20/whats-the-difference-between-pay-equity-and-pay-equality/index.html]
[truenorthhr.ca/wp-content/uploads/2023/01/shutterstock_402971893-300x200.jpg]
[truenorthhr.ca/2023/01/23/six-common-recruiting-challenges-and-their-solutions/index.html]
[truenorthhr.ca/wp-content/uploads/2022/12/cytonn-photography-n95VMLxqM2I-unsplash-300x200.jpg]
[truenorthhr.ca/wp-content/uploads/2022/12/employer_policy_checklist-300x200.jpg]
[truenorthhr.ca/2022/12/21/five-tips-for-hiring-top-talent/index.html]
[truenorthhr.ca/wp-content/uploads/2022/11/shutterstock_2118854879-300x200.jpg]
[truenorthhr.ca/wp-content/uploads/2022/11/shutterstock_1727575939-300x200.jpg]
[truenorthhr.ca/2022/12/16/2022-policy-checklist-employers/index.html]
[truenorthhr.ca/wp-content/uploads/2022/11/shutterstock_1253308795-300x200.jpg]
[truenorthhr.ca/2022/11/28/the-eight-types-of-compensation/index.html]
[truenorthhr.ca/2022/11/10/human-capital-consulting-vs-human-resource-consulting-whats-the-difference/index.html]
[truenorthhr.ca/2022/10/26/eight-ways-to-change-your-workplace-culture/index.html]
[truenorthhr.ca/wp-content/uploads/2022/11/shutterstock_1060846625-300x200.jpg]
[truenorthhr.ca/wp-content/uploads/2022/09/shutterstock_1188718564-300x200.jpg]
[truenorthhr.ca/2022/10/12/what-is-an-executive-recruiter/index.html]
[truenorthhr.ca/wp-content/uploads/2022/08/shutterstock_1016363545-300x200.jpg]
[truenorthhr.ca/blog/page/2/index.html]
[truenorthhr.ca/wp-content/plugins/easy-table-of-contents/assets/css/screen.min8d1e.css]
[truenorthhr.ca/2022/09/12/how-to-message-a-recruiter-on-linkedin-with-examples/index.html]
[truenorthhr.ca/2022/08/11/the-differences-between-recruiting-and-talent-acquisition/index.html]
[truenorthhr.ca/blog/page/4/index.html]
[truenorthhr.ca/wp-json/oembed/1.0/embedeba5.json]
[truenorthhr.ca/wp-json/oembed/1.0/embedee0d]
[truenorthhr.ca/wp-content/uploads/2024/02/fractional-hr-strategy.jpg]
[truenorthhr.ca/2024/03/05/unlocking-organizational-efficiency-and-flexibility-with-fractional-hr/index.html]
[truenorthhr.ca/wp-json/oembed/1.0/embed3f92.json]
[truenorthhr.ca/wp-json/oembed/1.0/embedbc97]
[truenorthhr.ca/wp-content/uploads/2024/02/hr-consultant-payroll-readiness-scaled.jpg]
[truenorthhr.ca/2024/02/06/easy-steps-for-payroll-readiness-during-tax-season/index.html]
[truenorthhr.ca/wp-json/oembed/1.0/embed0f3b.json]
[truenorthhr.ca/wp-json/oembed/1.0/embedcbca]
[truenorthhr.ca/wp-content/uploads/2024/01/hr-consulting-boardroom-table.jpg]
[truenorthhr.ca/2024/01/02/how-to-be-compliant-with-ontarios-pay-transparency-act/index.html]
[truenorthhr.ca/wp-json/oembed/1.0/embedbf21.json]
[truenorthhr.ca/wp-json/oembed/1.0/embed761a]
[truenorthhr.ca/wp-content/uploads/2023/12/shutterstock_2142010187-scaled.jpg]
[truenorthhr.ca/2023/12/27/decoding-pay-transparency-in-ontario-a-guide-for-employers/index.html]
[truenorthhr.ca/wp-json/oembed/1.0/embedd925.json]
[truenorthhr.ca/wp-json/oembed/1.0/embedca95]
[truenorthhr.ca/wp-content/uploads/2023/12/shutterstock_2063156057-scaled.jpg]
[truenorthhr.ca/2023/12/04/pay-equity-and-the-generational-divide-exploring-different-perspectives/index.html]
[truenorthhr.ca/wp-json/oembed/1.0/embed738f.json]
[truenorthhr.ca/wp-json/oembed/1.0/embed511b]
[truenorthhr.ca/wp-content/uploads/2023/10/unnamed-4.jpg]
[truenorthhr.ca/2023/10/30/generative-ai-and-human-resources/index.html]
[truenorthhr.ca/wp-json/oembed/1.0/embedffca.json]
[truenorthhr.ca/wp-json/oembed/1.0/embed7b18]
[truenorthhr.ca/wp-content/uploads/2023/09/shutterstock_2357678201-1-scaled.jpg]
[truenorthhr.ca/2023/09/27/pay-equity-analysis-in-canada-a-comprehensive-guide/index.html]
[truenorthhr.ca/wp-json/oembed/1.0/embed2620.json]
[truenorthhr.ca/wp-json/oembed/1.0/embed6dfe]
[truenorthhr.ca/wp-content/uploads/2023/08/shutterstock_2070184868.jpg]
[truenorthhr.ca/2023/08/30/what-is-pay-equity/index.html]
[truenorthhr.ca/wp-json/oembed/1.0/embedafcf.json]
[truenorthhr.ca/wp-json/oembed/1.0/embed4099]
[truenorthhr.ca/wp-content/uploads/2023/08/Hr-Audits-the-complete-guide.jpg]
[truenorthhr.ca/2023/08/03/hr-audits-the-complete-guide/index.html]
[truenorthhr.ca/wp-json/oembed/1.0/embed0ded.json]
[truenorthhr.ca/wp-json/oembed/1.0/embeddd87]
[truenorthhr.ca/wp-content/uploads/2023/06/Understanding-Fractional-HR-and-How-it-Can-Help-Your-Business-scaled.jpg]
[truenorthhr.ca/2023/06/27/understanding-fractional-hr-and-how-it-can-help-your-business/index.html]
[truenorthhr.ca/wp-json/oembed/1.0/embedca8b.json]
[truenorthhr.ca/wp-json/oembed/1.0/embedd036]
[truenorthhr.ca/wp-content/uploads/2023/05/shutterstock_2215801489.jpg]
[truenorthhr.ca/2023/05/15/the-value-of-total-compensation-packages-a-comprehensive-guide/index.html]
[truenorthhr.ca/wp-content/uploads/2022/09/shutterstock_2095196926-300x200.jpg]
[truenorthhr.ca/wp-content/uploads/2022/09/shutterstock_2027364494-300x200.jpg]
[truenorthhr.ca/wp-content/uploads/2022/09/shutterstock_668448343-300x200.jpg]
[truenorthhr.ca/2022/07/13/what-is-recruitment/index.html]
[truenorthhr.ca/wp-content/uploads/2022/03/shutterstock_2110654271-300x169.jpg]
[truenorthhr.ca/wp-content/uploads/2022/03/shutterstock_1022439976-300x200.jpg]
[truenorthhr.ca/wp-content/uploads/2021/10/Compensation-BLOG-300x225.jpg]
[truenorthhr.ca/wp-content/uploads/2021/10/TN-Recruitment-Challenges-BLOG--300x224.jpg]
[truenorthhr.ca/wp-content/uploads/2021/09/Sept-2021-blog-300x200.jpg]
[truenorthhr.ca/2021/10/05/staffing-shortages-and-how-to-overcome-them/index.html]
[truenorthhr.ca/2021/09/14/vaccination-rights-of-employers/index.html]
[truenorthhr.ca/wp-content/uploads/2021/07/July-Blog-Image--300x225.jpg]
[truenorthhr.ca/wp-content/uploads/2021/04/TNHR-Paola-300x200.jpg]
[truenorthhr.ca/wp-content/uploads/2021/03/TNHR-Sandra-300x200.jpg]
[truenorthhr.ca/2021/07/23/current-hr-challenges-for-employers/index.html]
[truenorthhr.ca/2021/04/13/meet-the-true-north-hr-team-accettola-paola/index.html]
[truenorthhr.ca/2021/03/15/meet-the-true-north-hr-team-sandra-marrocco/index.html]
[truenorthhr.ca/wp-content/uploads/2021/03/March-Blog-1-300x200.jpg]
[truenorthhr.ca/blog/page/3/index.html]
[truenorthhr.ca/wp-json/wp/v2/pages/10672.json]
[truenorthhr.ca/indexe90b.html]
[truenorthhr.ca/team-member/paola-accettola/index.html]
[truenorthhr.ca/team-member/angela-burt/index.html]
[truenorthhr.ca/team-member/kelly-glass/index.html]
[truenorthhr.ca/wp-json/wp/v2/pages/1827.json]
[truenorthhr.ca/index72ff.html]
[truenorthhr.ca/blog/page/5/index.html]
[truenorthhr.ca/2021/03/15/women-in-the-workforce/index.html]
[truenorthhr.ca/wp-json/oembed/1.0/embed98a1.json]
[truenorthhr.ca/wp-json/oembed/1.0/embed72d5]
[truenorthhr.ca/wp-content/uploads/2022/01/Nairobi.jpg]
[truenorthhr.ca/wp-content/uploads/2022/01/workforce-1024x576.jpg]
[truenorthhr.ca/wp-content/uploads/2022/01/management-1024x684.jpg]
[truenorthhr.ca/service-area/Nairobi-hr-consulting/index.html]
[truenorthhr.ca/wp-json/wp/v2/pages/2774.json]
[truenorthhr.ca/index5649.html]
[truenorthhr.ca/wp-json/oembed/1.0/embed306c.json]
[truenorthhr.ca/wp-json/oembed/1.0/embed6dad]
[truenorthhr.ca/wp-content/uploads/2022/02/benefit-consulting-cover-1.jpg]
[truenorthhr.ca/wp-content/uploads/2023/02/our-team-cover-1024x683.jpg]
[truenorthhr.ca/sectors/small-business/index.html]
[truenorthhr.ca/wp-json/oembed/1.0/embed7713.json]
[truenorthhr.ca/wp-json/oembed/1.0/embedad4a]
[truenorthhr.ca/wp-content/uploads/2023/05/pexels-photo-6646918.jpg]
[truenorthhr.ca/wp-content/uploads/2023/05/pexels-photo-6647010.jpg]
[truenorthhr.ca/sectors/non-profits/index.html]
[truenorthhr.ca/wp-json/oembed/1.0/embed4ec1.json]
[truenorthhr.ca/wp-json/oembed/1.0/embed85a2]
[truenorthhr.ca/wp-content/uploads/2023/05/business-people-scaled.jpg]
[truenorthhr.ca/wp-content/uploads/2023/05/business-coworker-meeting.jpg]
[truenorthhr.ca/wp-content/uploads/2023/05/meeting-graph.jpg]
[truenorthhr.ca/wp-content/uploads/2023/05/coworker-gathering.jpg]
[truenorthhr.ca/sectors/large-corporations/index.html]
[truenorthhr.ca/wp-json/wp/v2/posts/16482.json]
[truenorthhr.ca/indexb440.html]
[truenorthhr.ca/author/paola/index.html]
[truenorthhr.ca/cdn-cgi/l/email-protection.html]
[truenorthhr.ca/wp-json/wp/v2/pages/3872.json]
[truenorthhr.ca/index8608.html]
[truenorthhr.ca/careers/index.html]
[truenorthhr.ca/wp-content/plugins/bloom/css/fonts/ET-Bloombb91.html]
[truenorthhr.ca/wp-content/plugins/bloom/css/fonts/ET-Bloomd41d.html]
[truenorthhr.ca/wp-content/plugins/bloom/css/fonts/ET-Bloombb91.svg]
[truenorthhr.ca/wp-json/wp/v2/posts/4391.json]
[truenorthhr.ca/indexf16f.html]
[truenorthhr.ca/wp-json/oembed/1.0/embed9ec7.json]
[truenorthhr.ca/wp-json/oembed/1.0/embed814c]
[truenorthhr.ca/wp-content/uploads/2022/09/shutterstock_2095196926.jpg]
[truenorthhr.ca/2022/07/27/what-is-executive-compensation-consulting/index.html]
[truenorthhr.ca/wp-json/wp/v2/posts/5418.json]
[truenorthhr.ca/index8886.html]
[truenorthhr.ca/performance-management-consulting-services/index.html]
[truenorthhr.ca/wp-json/wp/v2/posts/5453.json]
[truenorthhr.ca/index80e7.html]
[truenorthhr.ca/wp-json/oembed/1.0/embeddcd1.json]
[truenorthhr.ca/wp-json/oembed/1.0/embed8c23]
[truenorthhr.ca/wp-content/uploads/2022/09/shutterstock_668448343.jpg]
[truenorthhr.ca/2022/06/15/exploring-hr-information-design-a-comprehensive-guide/index.html]
[truenorthhr.ca/wp-json/wp/v2/pages/8264.json]
[truenorthhr.ca/index3284.html]
[truenorthhr.ca/wp-json/oembed/1.0/embed8627.json]
[truenorthhr.ca/wp-json/oembed/1.0/embed805f]
[truenorthhr.ca/wp-content/uploads/2023/04/Ontarios-Electronic-Monitoring-Policy-Heres-What-You-Should-Know.jpg]
[truenorthhr.ca/2023/04/24/ontarios-electronic-monitoring-policy-heres-what-you-should-know/index.html]
[truenorthhr.ca/wp-json/oembed/1.0/embed1d4a.json]
[truenorthhr.ca/wp-json/oembed/1.0/embedcd4a]
[truenorthhr.ca/wp-content/uploads/2023/03/shutterstock_2155448791.jpg]
[truenorthhr.ca/2023/03/20/whats-the-difference-between-pay-equity-and-pay-equality/index.html]
[truenorthhr.ca/wp-json/oembed/1.0/embedf180.json]
[truenorthhr.ca/wp-json/oembed/1.0/embedc51c]
[truenorthhr.ca/wp-content/uploads/2023/02/shutterstock_1389203003.jpg]
[truenorthhr.ca/2023/02/27/how-to-create-a-leadership-development-plan/index.html]
[truenorthhr.ca/wp-json/oembed/1.0/embed7aeb.json]
[truenorthhr.ca/wp-json/oembed/1.0/embedbec4]
[truenorthhr.ca/wp-content/uploads/2023/01/shutterstock_402971893.jpg]
[truenorthhr.ca/2023/01/23/six-common-recruiting-challenges-and-their-solutions/index.html]
[truenorthhr.ca/wp-json/oembed/1.0/embed9cb0.json]
[truenorthhr.ca/wp-json/oembed/1.0/embed8161]
[truenorthhr.ca/wp-content/uploads/2022/12/cytonn-photography-n95VMLxqM2I-unsplash-scaled.jpg]
[truenorthhr.ca/2022/12/21/five-tips-for-hiring-top-talent/index.html]
[truenorthhr.ca/2020/10/21/how-to-attract-the-best-employees-for-your-small-business/index.html]
[truenorthhr.ca/wp-json/oembed/1.0/embed572d.json]
[truenorthhr.ca/wp-json/oembed/1.0/embedf400]
[truenorthhr.ca/wp-content/uploads/2022/12/employer_policy_checklist-scaled.jpg]
[truenorthhr.ca/2022/12/16/2022-policy-checklist-employers/index.html]
[truenorthhr.ca/wp-json/oembed/1.0/embedaa10.json]
[truenorthhr.ca/wp-json/oembed/1.0/embed6394]
[truenorthhr.ca/wp-content/uploads/2022/11/shutterstock_2118854879.jpg]
[truenorthhr.ca/2022/11/28/the-eight-types-of-compensation/index.html]
[truenorthhr.ca/wp-json/oembed/1.0/embedc556.json]
[truenorthhr.ca/wp-json/oembed/1.0/embed31dc]
[truenorthhr.ca/wp-content/uploads/2022/11/shutterstock_1727575939.jpg]
[truenorthhr.ca/2022/11/10/human-capital-consulting-vs-human-resource-consulting-whats-the-difference/index.html]
[truenorthhr.ca/wp-json/oembed/1.0/embedd26a.json]
[truenorthhr.ca/wp-json/oembed/1.0/embeda133]
[truenorthhr.ca/wp-content/uploads/2022/11/shutterstock_1253308795.jpg]
[truenorthhr.ca/2022/10/26/eight-ways-to-change-your-workplace-culture/index.html]
[truenorthhr.ca/wp-json/oembed/1.0/embed044d.json]
[truenorthhr.ca/wp-json/oembed/1.0/embed1538]
[truenorthhr.ca/wp-content/uploads/2022/11/shutterstock_1060846625.jpg]
[truenorthhr.ca/2022/10/12/what-is-an-executive-recruiter/index.html]
[truenorthhr.ca/wp-json/oembed/1.0/embede52d.json]
[truenorthhr.ca/wp-json/oembed/1.0/embed257f]
[truenorthhr.ca/wp-content/uploads/2022/09/shutterstock_1188718564.jpg]
[truenorthhr.ca/2022/09/12/how-to-message-a-recruiter-on-linkedin-with-examples/index.html]
[truenorthhr.ca/wp-json/oembed/1.0/embedf828.json]
[truenorthhr.ca/wp-json/oembed/1.0/embedd1f9]
[truenorthhr.ca/wp-content/uploads/2022/08/shutterstock_1016363545.jpg]
[truenorthhr.ca/2022/08/11/the-differences-between-recruiting-and-talent-acquisition/index.html]
[truenorthhr.ca/wp-content/uploads/2021/02/TNHR-Feb-2021-blog-300x200.jpg]
[truenorthhr.ca/wp-content/uploads/2021/01/Angela-Burt-Blog-Image-300x200.png]
[truenorthhr.ca/2021/02/16/hr-services-for-businesses-of-any-size/index.html]
[truenorthhr.ca/2021/01/27/meet-the-true-north-hr-team-angela-burt/index.html]
[truenorthhr.ca/wp-content/uploads/2021/01/Blank-600-x-800-300x225.jpg]
[truenorthhr.ca/wp-content/uploads/2020/12/Blank-600-x-400-300x200.jpg]
[truenorthhr.ca/wp-content/uploads/2020/12/thank-you-5077738_640-300x200.jpg]
[truenorthhr.ca/2021/01/12/the-responsibilities-of-great-leadership/index.html]
[truenorthhr.ca/2020/12/22/what-has-2020-taught-the-hr-world/index.html]
[truenorthhr.ca/wp-content/uploads/2020/11/pexels-christina-morillo-1181344-300x200.jpg]
[truenorthhr.ca/2020/12/16/ending-2020-with-gratitude/index.html]
[truenorthhr.ca/2020/11/19/what-is-a-workplace-culture-transformation/index.html]
[truenorthhr.ca/wp-content/uploads/2020/11/leader-blog-1-300x200.jpg]
[truenorthhr.ca/wp-content/uploads/2020/10/Small-Biz-Consult-Blog-300x200.jpg]
[truenorthhr.ca/2020/11/19/2330/index.html]
[truenorthhr.ca/2020/10/21/essential-hr-consulting-services-for-small-businesses/index.html]
[truenorthhr.ca/wp-content/uploads/2020/10/Small-Biz-Attract-Blog-300x200.jpg]
[truenorthhr.ca/wp-content/uploads/2020/09/Mental-Health-Blog-300x200.jpg]
[truenorthhr.ca/wp-content/uploads/2020/09/Infectious-Disease-blog-300x200.jpg]
[truenorthhr.ca/2020/09/30/mental-health-support-in-the-workplace/index.html]
[truenorthhr.ca/2020/09/21/infectious-disease-emergency-leave-in-the-province-of-ontario/index.html]
[truenorthhr.ca/wp-content/uploads/2020/09/Working-Parent-Blog-300x200.jpg]
[truenorthhr.ca/blog/page/4/index.html]
[truenorthhr.ca/wp-json/wp/v2/posts/16170.json]
[truenorthhr.ca/indexd357.html]
[truenorthhr.ca/wp-json/wp/v2/posts/15799.json]
[truenorthhr.ca/indexca35.html]
[truenorthhr.ca/wp-json/wp/v2/posts/15357.json]
[truenorthhr.ca/index60ca.html]
[truenorthhr.ca/wp-json/wp/v2/posts/15301.json]
[truenorthhr.ca/indexa6f7.html]
[truenorthhr.ca/wp-json/wp/v2/posts/15052.json]
[truenorthhr.ca/index3d87.html]
[truenorthhr.ca/wp-json/wp/v2/posts/14556.json]
[truenorthhr.ca/indexd2b4.html]
[truenorthhr.ca/wp-json/wp/v2/posts/14263.json]
[truenorthhr.ca/index9e7c.html]
[truenorthhr.ca/wp-json/wp/v2/posts/13968.json]
[truenorthhr.ca/index7bc3.html]
[truenorthhr.ca/wp-json/wp/v2/posts/13707.json]
[truenorthhr.ca/index6f59.html]
[truenorthhr.ca/wp-json/wp/v2/posts/13307.json]
[truenorthhr.ca/index4bbc.html]
[truenorthhr.ca/wp-json/wp/v2/posts/12867.json]
[truenorthhr.ca/indexda7a.html]
[truenorthhr.ca/2020/09/15/working-parents-and-accommodations-for-online-learning/index.html]
[truenorthhr.ca/wp-json/oembed/1.0/embed8917.json]
[truenorthhr.ca/wp-json/oembed/1.0/embed6fa7]
[truenorthhr.ca/wp-content/uploads/2022/09/shutterstock_2027364494.jpg]
[truenorthhr.ca/2022/07/13/what-is-recruitment/index.html]
[truenorthhr.ca/wp-json/oembed/1.0/embed080f.json]
[truenorthhr.ca/wp-json/oembed/1.0/embed9314]
[truenorthhr.ca/wp-content/uploads/2021/10/TN-Recruitment-Challenges-BLOG-.jpg]
[truenorthhr.ca/2021/10/05/staffing-shortages-and-how-to-overcome-them/index.html]
[truenorthhr.ca/wp-json/oembed/1.0/embed3dce.json]
[truenorthhr.ca/wp-json/oembed/1.0/embed4050]
[truenorthhr.ca/wp-content/uploads/2021/09/Sept-2021-blog.jpg]
[truenorthhr.ca/2021/09/14/vaccination-rights-of-employers/index.html]
[truenorthhr.ca/wp-json/oembed/1.0/embed8669.json]
[truenorthhr.ca/wp-json/oembed/1.0/embedff7c]
[truenorthhr.ca/wp-content/uploads/2021/07/July-Blog-Image-.jpg]
[truenorthhr.ca/2021/07/23/current-hr-challenges-for-employers/index.html]
[truenorthhr.ca/wp-json/oembed/1.0/embedf23c.json]
[truenorthhr.ca/wp-json/oembed/1.0/embed8900]
[truenorthhr.ca/wp-content/uploads/2021/04/TNHR-Paola.jpg]
[truenorthhr.ca/wp-content/uploads/2020/12/Team_PaolaA-243x300.jpg]
[truenorthhr.ca/2021/04/13/meet-the-true-north-hr-team-accettola-paola/index.html]
[truenorthhr.ca/wp-json/oembed/1.0/embed0f94.json]
[truenorthhr.ca/wp-json/oembed/1.0/embedb665]
[truenorthhr.ca/wp-content/uploads/2021/03/TNHR-Sandra.jpg]
[truenorthhr.ca/2021/03/15/meet-the-true-north-hr-team-sandra-marrocco/index.html]
[truenorthhr.ca/wp-json/oembed/1.0/embedf8d5.json]
[truenorthhr.ca/wp-json/oembed/1.0/embedb5f8]
[truenorthhr.ca/wp-content/uploads/2021/03/March-Blog-1.jpg]
[truenorthhr.ca/2021/03/15/women-in-the-workforce/index.html]
[truenorthhr.ca/wp-content/uploads/2020/08/NO-Contract-blog--300x200.jpg]
[truenorthhr.ca/wp-content/uploads/2020/07/Contract-blog-300x200.jpg]
[truenorthhr.ca/2020/08/05/what-happens-when-there-is-no-employment-contract/index.html]
[truenorthhr.ca/2020/07/28/the-importance-of-employment-contracts/index.html]
[truenorthhr.ca/wp-content/uploads/2020/02/Promoting-a-Mentally-Healthy-Workplace-2-300x169.jpg]
[truenorthhr.ca/2020/04/02/the-advantages-of-promoting-a-mentally-healthy-workplace-2/index.html]
[truenorthhr.ca/wp-content/uploads/2020/02/1-Creating-an-LGBTQ-Friendly-Workplace-300x169.jpg]
[truenorthhr.ca/wp-content/uploads/2020/02/Millennial-Burnout-300x169.jpg]
[truenorthhr.ca/blog/page/5/index.html]
[truenorthhr.ca/wp-json/wp/v2/pages/4766.json]
[truenorthhr.ca/index45c8.html]
[truenorthhr.ca/wp-json/wp/v2/pages/12136.json]
[truenorthhr.ca/index45b3.html]
[truenorthhr.ca/wp-json/wp/v2/pages/12689.json]
[truenorthhr.ca/index7b40.html]
[truenorthhr.ca/wp-json/wp/v2/pages/12903.json]
[truenorthhr.ca/index9dc3.html]
[truenorthhr.ca/wp-json/wp/v2/posts/8620.json]
[truenorthhr.ca/index6487.html]
[truenorthhr.ca/wp-json/wp/v2/posts/8623.json]
[truenorthhr.ca/indexd6c5.html]
[truenorthhr.ca/wp-json/wp/v2/posts/12605.json]
[truenorthhr.ca/index285e.html]
[truenorthhr.ca/wp-json/wp/v2/posts/12080.json]
[truenorthhr.ca/index19a4.html]
[truenorthhr.ca/wp-json/wp/v2/posts/11682.json]
[truenorthhr.ca/index063c.html]
[truenorthhr.ca/wp-json/wp/v2/posts/10934.json]
[truenorthhr.ca/index7d1f.html]
[truenorthhr.ca/wp-json/wp/v2/posts/10247.json]
[truenorthhr.ca/indexb157.html]
[truenorthhr.ca/2020/03/07/creating-an-lgbtq-friendly-workplace-without-making-a-big-deal-about-it-2/index.html]
[truenorthhr.ca/2020/02/27/millennial-burnout-2/index.html]
[truenorthhr.ca/wp-json/oembed/1.0/embedb9aa.json]
[truenorthhr.ca/wp-json/oembed/1.0/embedf132]
[truenorthhr.ca/wp-content/uploads/2020/10/Small-Biz-Attract-Blog.jpg]
[truenorthhr.ca/2020/10/21/how-to-attract-the-best-employees-for-your-small-business/index.html]
[truenorthhr.ca/wp-json/wp/v2/posts/10166.json]
[truenorthhr.ca/index46d4.html]
[truenorthhr.ca/wp-json/wp/v2/posts/9917.json]
[truenorthhr.ca/index2d2a.html]
[truenorthhr.ca/wp-json/wp/v2/posts/9914.json]
[truenorthhr.ca/index0d09.html]
[truenorthhr.ca/wp-json/wp/v2/posts/9475.json]
[truenorthhr.ca/index8869.html]
[truenorthhr.ca/wp-json/wp/v2/posts/9471.json]
[truenorthhr.ca/indexf61a.html]
[truenorthhr.ca/wp-json/wp/v2/posts/8616.json]
[truenorthhr.ca/indexef24.html]
[truenorthhr.ca/wp-json/wp/v2/posts/8044.json]
[truenorthhr.ca/index4085.html]
[truenorthhr.ca/wp-json/oembed/1.0/embed785d.json]
[truenorthhr.ca/wp-json/oembed/1.0/embeda214]
[truenorthhr.ca/wp-content/uploads/2021/02/TNHR-Feb-2021-blog.jpg]
[truenorthhr.ca/2021/02/16/hr-services-for-businesses-of-any-size/index.html]
[truenorthhr.ca/wp-json/oembed/1.0/embedc149.json]
[truenorthhr.ca/wp-json/oembed/1.0/embed8d1c]
[truenorthhr.ca/wp-content/uploads/2021/01/Angela-Burt-Blog-Image.png]
[truenorthhr.ca/2021/01/27/meet-the-true-north-hr-team-angela-burt/index.html]
[truenorthhr.ca/wp-json/oembed/1.0/embedf85f.json]
[truenorthhr.ca/wp-json/oembed/1.0/embed50a6]
[truenorthhr.ca/wp-content/uploads/2021/01/Blank-600-x-800.jpg]
[truenorthhr.ca/2021/01/12/the-responsibilities-of-great-leadership/index.html]
[truenorthhr.ca/2020/12/22/what-has-2020-taught-the-hr-world/feed/index.html]
[truenorthhr.ca/wp-json/oembed/1.0/embed05a5.json]
[truenorthhr.ca/wp-json/oembed/1.0/embed325b]
[truenorthhr.ca/wp-content/uploads/2020/12/Blank-600-x-400.jpg]
[truenorthhr.ca/2020/12/22/what-has-2020-taught-the-hr-world/index.html]
[truenorthhr.ca/wp-json/oembed/1.0/embed65da.json]
[truenorthhr.ca/wp-json/oembed/1.0/embed457e]
[truenorthhr.ca/wp-content/uploads/2020/12/thank-you-5077738_640.jpg]
[truenorthhr.ca/2020/12/16/ending-2020-with-gratitude/index.html]
[truenorthhr.ca/wp-json/oembed/1.0/embed2306.json]
[truenorthhr.ca/wp-json/oembed/1.0/embedf995]
[truenorthhr.ca/wp-content/uploads/2020/11/pexels-christina-morillo-1181344-scaled.jpg]
[truenorthhr.ca/2020/11/19/what-is-a-workplace-culture-transformation/index.html]
[truenorthhr.ca/wp-json/oembed/1.0/embeddb60.json]
[truenorthhr.ca/wp-json/oembed/1.0/embed3d58]
[truenorthhr.ca/wp-content/uploads/2020/11/leader-blog-1.jpg]
[truenorthhr.ca/2020/11/19/2330/index.html]
[truenorthhr.ca/wp-json/oembed/1.0/embed1618.json]
[truenorthhr.ca/wp-json/oembed/1.0/embed250c]
[truenorthhr.ca/wp-content/uploads/2020/10/Small-Biz-Consult-Blog.jpg]
[truenorthhr.ca/2020/10/21/essential-hr-consulting-services-for-small-businesses/index.html]
[truenorthhr.ca/wp-json/oembed/1.0/embed4de8.json]
[truenorthhr.ca/wp-json/oembed/1.0/embed47ec]
[truenorthhr.ca/wp-content/uploads/2020/09/Mental-Health-Blog.jpg]
[truenorthhr.ca/2020/09/30/mental-health-support-in-the-workplace/index.html]
[truenorthhr.ca/wp-json/oembed/1.0/embed5a62.json]
[truenorthhr.ca/wp-json/oembed/1.0/embed95a7]
[truenorthhr.ca/wp-content/uploads/2020/09/Infectious-Disease-blog.jpg]
[truenorthhr.ca/2020/09/21/infectious-disease-emergency-leave-in-the-province-of-ontario/index.html]
[truenorthhr.ca/2020/09/15/working-parents-and-accommodations-for-online-learning/feed/index.html]
[truenorthhr.ca/wp-json/oembed/1.0/embed01d5.json]
[truenorthhr.ca/wp-json/oembed/1.0/embede95a]
[truenorthhr.ca/wp-content/uploads/2020/09/Working-Parent-Blog.jpg]
[truenorthhr.ca/2020/09/15/working-parents-and-accommodations-for-online-learning/index.html]
[truenorthhr.ca/wp-json/wp/v2/posts/8406.json]
[truenorthhr.ca/indexc058.html]
[truenorthhr.ca/wp-json/wp/v2/posts/4331.json]
[truenorthhr.ca/indexcc5f.html]
[truenorthhr.ca/talent-acquisition/index.html]
[truenorthhr.ca/wp-json/wp/v2/posts/4273.json]
[truenorthhr.ca/index8155.html]
[truenorthhr.ca/wp-json/wp/v2/posts/4048.json]
[truenorthhr.ca/index92b9.html]
[truenorthhr.ca/wp-json/wp/v2/posts/2508.json]
[truenorthhr.ca/indexf0ec.html]
[truenorthhr.ca/wp-json/wp/v2/posts/2473.json]
[truenorthhr.ca/indexc60b.html]
[truenorthhr.ca/wp-json/wp/v2/posts/2471.json]
[truenorthhr.ca/indexa6a8.html]
[truenorthhr.ca/2020/08/05/what-happens-when-there-is-no-employment-contract/feed/index.html]
[truenorthhr.ca/wp-json/oembed/1.0/embed4dee.json]
[truenorthhr.ca/wp-json/oembed/1.0/embed0b68]
[truenorthhr.ca/wp-content/uploads/2020/08/NO-Contract-blog-.jpg]
[truenorthhr.ca/2020/08/05/what-happens-when-there-is-no-employment-contract/index.html]
[truenorthhr.ca/2020/07/28/the-importance-of-employment-contracts/feed/index.html]
[truenorthhr.ca/wp-json/oembed/1.0/embed3a47.json]
[truenorthhr.ca/wp-json/oembed/1.0/embed852d]
[truenorthhr.ca/wp-content/uploads/2020/07/Contract-blog.jpg]
[truenorthhr.ca/2020/07/28/the-importance-of-employment-contracts/index.html]
[truenorthhr.ca/wp-json/oembed/1.0/embedbdf6.json]
[truenorthhr.ca/wp-json/oembed/1.0/embed3909]
[truenorthhr.ca/wp-content/uploads/2020/02/Promoting-a-Mentally-Healthy-Workplace-2.jpg]
[truenorthhr.ca/2020/04/02/the-advantages-of-promoting-a-mentally-healthy-workplace-2/index.html]
[truenorthhr.ca/wp-json/oembed/1.0/embed4268.json]
[truenorthhr.ca/wp-json/oembed/1.0/embedf2e9]
[truenorthhr.ca/wp-content/uploads/2020/02/1-Creating-an-LGBTQ-Friendly-Workplace.jpg]
[truenorthhr.ca/2020/03/07/creating-an-lgbtq-friendly-workplace-without-making-a-big-deal-about-it-2/index.html]
[truenorthhr.ca/wp-json/oembed/1.0/embedfa71.json]
[truenorthhr.ca/wp-json/oembed/1.0/embedf603]
[truenorthhr.ca/wp-content/uploads/2020/02/Millennial-Burnout.jpg]
[truenorthhr.ca/2020/02/27/millennial-burnout-2/index.html]
[truenorthhr.ca/wp-json/wp/v2/posts/2138.json]
[truenorthhr.ca/index9076.html]
[truenorthhr.ca/wp-json/wp/v2/posts/2445.json]
[truenorthhr.ca/index772a.html]
[truenorthhr.ca/wp-json/wp/v2/posts/2420.json]
[truenorthhr.ca/index121f.html]
[truenorthhr.ca/wp-json/wp/v2/posts/2403.json]
[truenorthhr.ca/index3d33.html]
[truenorthhr.ca/wp-json/wp/v2/posts/2371.json]
[truenorthhr.ca/index7980.html]
[truenorthhr.ca/wp-json/wp/v2/posts/2366.json]
[truenorthhr.ca/index99a0.html]
[truenorthhr.ca/wp-json/wp/v2/posts/2333.json]
[truenorthhr.ca/index6015.html]
[truenorthhr.ca/wp-json/wp/v2/posts/2330.json]
[truenorthhr.ca/index95be.html]
[truenorthhr.ca/wp-json/wp/v2/posts/2141.json]
[truenorthhr.ca/index688e.html]
[truenorthhr.ca/wp-json/wp/v2/posts/2134.json]
[truenorthhr.ca/index4cae.html]
[truenorthhr.ca/wp-json/wp/v2/posts/2130.json]
[truenorthhr.ca/index8c2a.html]
[truenorthhr.ca/wp-json/wp/v2/posts/2127.json]
[truenorthhr.ca/index409c.html]
[truenorthhr.ca/wp-json/wp/v2/posts/2113.json]
[truenorthhr.ca/indexa233.html]
[truenorthhr.ca/wp-json/wp/v2/posts/2109.json]
[truenorthhr.ca/index33df.html]
[truenorthhr.ca/wp-json/wp/v2/posts/2087.json]
[truenorthhr.ca/indexebe4.html]
[truenorthhr.ca/wp-json/wp/v2/posts/2093.json]
[truenorthhr.ca/index13cc.html]
[truenorthhr.ca/wp-json/wp/v2/posts/2091.json]
[truenorthhr.ca/indexa808.html]
